[novotechafrica.com/index.html]
[backblue.gif]
[fade.gif]
[index.html]
[novotechafrica.com/wp-includes/css/dist/block-library/style.min6a4d.css]
[novotechafrica.com/feed/index.html]
[novotechafrica.com/wp-content/plugins/woocommerce/packages/woocommerce-blocks/build/wc-blocks-vendors-styled01d.css]
[novotechafrica.com/comments/feed/index.html]
[novotechafrica.com/wp-content/plugins/woocommerce/packages/woocommerce-blocks/build/wc-blocks-styled01d.css]
[novotechafrica.com/wp-includes/css/classic-themes.min68b3.css]
[novotechafrica.com/wp-content/plugins/contact-form-7/includes/css/stylesd96d.css]
[novotechafrica.com/wp-content/plugins/woocommerce/assets/css/woocommerce-layoutbdeb.css]
[novotechafrica.com/wp-content/plugins/woocommerce/assets/css/woocommerce-smallscreenbdeb.css]
[novotechafrica.com/wp-content/plugins/woocommerce/assets/css/woocommercebdeb.css]
[novotechafrica.com/wp-content/themes/shadepro/assets/css/font-circular-std.css]
[novotechafrica.com/wp-content/themes/shadepro/assets/css/all.min1849.css]
[novotechafrica.com/wp-content/themes/shadepro/assets/css/bootstrap.minf9b8.css]
[novotechafrica.com/wp-content/themes/shadepro/assets/css/nice-select.min9875.css]
[novotechafrica.com/wp-content/themes/shadepro/assets/css/meanmenu.min.css]
[novotechafrica.com/wp-content/plugins/woocommerce/assets/css/select2bdeb.css]
[novotechafrica.com/wp-content/themes/shadepro/assets/css/corec169.css]
[novotechafrica.com/wp-content/themes/shadepro/assets/css/gutenbergc169.css]
[novotechafrica.com/wp-content/themes/shadepro/assets/css/shadepro-stylec169.css]
[novotechafrica.com/wp-content/themes/shadepro/stylec169.css]
[novotechafrica.com/wp-content/themes/shadepro/assets/css/shadepro-responsivec169.css]
[novotechafrica.com/wp-content/plugins/elementor/assets/lib/eicons/css/elementor-icons.min7816.css]
[novotechafrica.com/wp-content/plugins/elementor/assets/css/frontend.minaf6c.css]
[novotechafrica.com/wp-content/uploads/elementor/css/post-156e82.css]
[novotechafrica.com/wp-content/plugins/shadepro-helper/assets/css/animate6a4d.css]
[novotechafrica.com/wp-content/plugins/shadepro-helper/assets/css/owl.carousel.min6a4d.css]
[novotechafrica.com/wp-content/plugins/shadepro-helper/assets/css/addonsbda2.css]
[novotechafrica.com/wp-content/uploads/elementor/css/post-734b4.css]
[novotechafrica.com/wp-content/themes/shadepro/assets/css/shade-woocommerce6a4d.css]
[novotechafrica.com/wp-content/plugins/elementor/assets/lib/font-awesome/css/fontawesome.min52d5.css]
[novotechafrica.com/wp-content/plugins/elementor/assets/lib/font-awesome/css/solid.min52d5.css]
[novotechafrica.com/wp-content/plugins/elementor/assets/lib/font-awesome/css/brands.min52d5.css]
[novotechafrica.com/wp-includes/js/jquery/jquery.mina7a0.js]
[novotechafrica.com/wp-includes/js/jquery/jquery-migrate.mind617.js]
[novotechafrica.com/wp-content/plugins/shadepro-helper/assets/js/sticky.min6a4d.js]
[novotechafrica.com/wp-content/plugins/shadepro-helper/assets/js/owl.carousel.min6a4d.js]
[novotechafrica.com/wp-content/plugins/shadepro-helper/assets/js/isotope.pkgd.min6a4d.js]
[novotechafrica.com/wp-content/plugins/shadepro-helper/assets/js/packery-mode.pkgd.min6a4d.js]
[novotechafrica.com/wp-content/plugins/shadepro-helper/assets/js/gradient6a4d.js]
[novotechafrica.com/wp-content/plugins/shadepro-helper/assets/js/addon6a4d.js]
[novotechafrica.com/wp-json/wp/v2/pages/7.json]
[novotechafrica.com/xmlrpc0db0.php]
[novotechafrica.com/wp-includes/wlwmanifest.xml]
[novotechafrica.com/wp-json/oembed/1.0/embede9e5.json]
[novotechafrica.com/wp-json/oembed/1.0/embed2d75]
[novotechafrica.com/wp-json/index.html]
[novotechafrica.com/wp-content/uploads/2021/12/cropped-apple-touch-icon-facicon-32x32.png]
[novotechafrica.com/wp-content/uploads/2021/12/cropped-apple-touch-icon-facicon-192x192.png]
[novotechafrica.com/wp-content/uploads/2021/12/cropped-apple-touch-icon-facicon-180x180.png]
[novotechafrica.com/wp-content/uploads/2021/09/novo-black-23.png]
[novotechafrica.com/service/software-development/index.html]
[novotechafrica.com/service/product-design/index.html]
[novotechafrica.com/service/enterprise-solutions.html]
[novotechafrica.com/service/product-strategy/index.html]
[novotechafrica.com/contact.html]
[novotechafrica.com/portfolio/novopermit/index.html]
[novotechafrica.com/portfolio/habitue/index.html]
[novotechafrica.com/contact/index.html]
[novotechafrica.com/about-us/index.html]
[novotechafrica.com/wp-content/uploads/2020/08/agency-hero-dots.png]
[novotechafrica.com/wp-content/uploads/2021/07/female-dev-min.png]
[novotechafrica.com/wp-content/uploads/2020/08/2-layers.png]
[novotechafrica.com/wp-content/uploads/2020/08/Group_101.png]
[novotechafrica.com/wp-content/uploads/2021/12/Frame-15-3-1.jpg]
[novotechafrica.com/wp-content/uploads/2020/08/story-shape.png]
[novotechafrica.com/wp-content/uploads/2021/07/wireframing-novotech.jpg]
[novotechafrica.com/wp-content/uploads/2021/07/hustle_novotech.jpg]
[novotechafrica.com/wp-content/uploads/2021/12/Pic-1-scaled.jpg]
[novotechafrica.com/wp-content/uploads/2021/07/habitue-saas-novotech.png]
[novotechafrica.com/portfolio/tdafrica/index.html]
[novotechafrica.com/wp-content/uploads/2021/07/td-novotech.png]
[novotechafrica.com/wp-content/uploads/2022/07/imha.jpg]
[novotechafrica.com/portfolio/imo-house-of-assembly/index.html]
[novotechafrica.com/wp-content/uploads/2021/06/novo-white-1-e1632665890259-300x125.png]
[novotechafrica.com/portfolio/index.html]
[novotechafrica.com/service/software-development.html]
[novotechafrica.com/wp-content/uploads/elementor/css/post-1507334b4.css]
[novotechafrica.com/wp-content/uploads/elementor/css/post-1481034b4.css]
[novotechafrica.com/wp-content/uploads/elementor/css/post-1436334b4.css]
[novotechafrica.com/wp-content/uploads/elementor/css/post-836634b4.css]
[novotechafrica.com/wp-content/uploads/elementor/css/post-834734b4.css]
[novotechafrica.com/wp-content/uploads/elementor/css/post-834834b4.css]
[novotechafrica.com/wp-content/uploads/elementor/css/post-834634b4.css]
[novotechafrica.com/wp-content/uploads/elementor/css/post-6335e737.css]
[novotechafrica.com/wp-content/uploads/elementor/css/post-6330e737.css]
[novotechafrica.com/wp-content/uploads/elementor/css/post-5898e737.css]
[novotechafrica.com/wp-content/uploads/elementor/css/post-5893e737.css]
[novotechafrica.com/wp-content/uploads/elementor/css/post-5888e737.css]
[novotechafrica.com/wp-content/uploads/elementor/css/post-5877e737.css]
[novotechafrica.com/wp-content/uploads/elementor/css/post-5868e737.css]
[novotechafrica.com/wp-content/uploads/elementor/css/post-5863e737.css]
[novotechafrica.com/wp-content/uploads/elementor/css/post-5858e737.css]
[novotechafrica.com/wp-content/uploads/elementor/css/post-5848e737.css]
[novotechafrica.com/wp-content/uploads/elementor/css/post-5838e737.css]
[novotechafrica.com/wp-content/uploads/elementor/css/post-1508949da.css]
[novotechafrica.com/wp-content/uploads/elementor/css/post-1482049da.css]
[novotechafrica.com/wp-content/uploads/elementor/css/post-839349da.css]
[novotechafrica.com/wp-content/uploads/elementor/css/post-83886ef5.css]
[novotechafrica.com/wp-content/uploads/elementor/css/post-83746ef5.css]
[novotechafrica.com/wp-content/uploads/elementor/css/post-83726ef5.css]
[novotechafrica.com/wp-content/uploads/elementor/css/post-59346ef5.css]
[novotechafrica.com/wp-content/uploads/elementor/css/post-59226ef5.css]
[novotechafrica.com/wp-content/uploads/elementor/css/post-5913b18f.css]
[novotechafrica.com/wp-content/uploads/elementor/css/post-5908b18f.css]
[novotechafrica.com/wp-content/uploads/elementor/css/post-5903b18f.css]
[novotechafrica.com/wp-content/plugins/elementor/assets/lib/animations/animations.minaf6c.css]
[novotechafrica.com/wp-includes/js/jquery/ui/core.min3f14.js]
[novotechafrica.com/wp-includes/js/jquery/ui/menu.min3f14.js]
[novotechafrica.com/wp-includes/js/dist/vendor/regenerator-runtime.min3937.js]
[novotechafrica.com/wp-includes/js/dist/vendor/wp-polyfill.min2c7c.js]
[novotechafrica.com/wp-includes/js/dist/dom-ready.minded6.js]
[novotechafrica.com/wp-includes/js/dist/hooks.min6c65.js]
[novotechafrica.com/wp-includes/js/dist/i18n.mine57b.js]
[novotechafrica.com/wp-includes/js/dist/a11y.min65c7.js]
[novotechafrica.com/wp-includes/js/jquery/ui/autocomplete.min3f14.js]
[novotechafrica.com/wp-includes/js/jquery/ui/datepicker.min3f14.js]
[novotechafrica.com/wp-includes/js/imagesloaded.mineda1.js]
[novotechafrica.com/wp-content/plugins/contact-form-7/includes/js/indexd96d.js]
[novotechafrica.com/wp-content/plugins/woocommerce/assets/js/jquery-blockui/jquery.blockUI.minbd43.js]
[novotechafrica.com/wp-content/plugins/woocommerce/assets/js/frontend/add-to-cart.minbdeb.js]
[novotechafrica.com/wp-content/plugins/woocommerce/assets/js/js-cookie/js.cookie.min38b6.js]
[novotechafrica.com/wp-content/plugins/woocommerce/assets/js/frontend/woocommerce.minbdeb.js]
[novotechafrica.com/wp-content/plugins/woocommerce/assets/js/frontend/cart-fragments.minbdeb.js]
[novotechafrica.com/wp-includes/js/masonry.min3a05.js]
[novotechafrica.com/wp-content/themes/shadepro/assets/js/jquery.nice-select.min.js]
[novotechafrica.com/wp-content/themes/shadepro/assets/js/jquery.meanmenu.min.js]
[novotechafrica.com/wp-content/plugins/woocommerce/assets/js/select2/select2.full.mine029.js]
[novotechafrica.com/wp-content/themes/shadepro/assets/js/shadepro-mainc169.js]
[novotechafrica.com/wp-content/plugins/elementor/assets/js/webpack.runtime.minaf6c.js]
[novotechafrica.com/wp-content/plugins/elementor/assets/js/frontend-modules.minaf6c.js]
[novotechafrica.com/wp-content/plugins/elementor/assets/lib/waypoints/waypoints.min05da.js]
[novotechafrica.com/wp-content/plugins/elementor/assets/js/frontend.minaf6c.js]
[novotechafrica.com/wp-includes/js/underscore.mind584.js]
[novotechafrica.com/wp-includes/js/wp-util.min6a4d.js]
[novotechafrica.com/wp-content/plugins/wpforms-lite/assets/js/integrations/elementor/frontend.min8676.js]
[novotechafrica.com/cdn-cgi/scripts/7d0fa10a/cloudflare-static/rocket-loader.min.js]
[novotechafrica.com/index.html]
[novotechafrica.com/wp-includes/css/dist/block-library/style.min6a4d.css]
[novotechafrica.com/wp-content/plugins/woocommerce/packages/woocommerce-blocks/build/wc-blocks-vendors-styled01d.css]
[novotechafrica.com/wp-content/plugins/woocommerce/packages/woocommerce-blocks/build/wc-blocks-styled01d.css]
[novotechafrica.com/wp-includes/css/classic-themes.min68b3.css]
[novotechafrica.com/wp-content/plugins/contact-form-7/includes/css/stylesd96d.css]
[novotechafrica.com/wp-content/plugins/woocommerce/assets/css/woocommerce-layoutbdeb.css]
[novotechafrica.com/wp-content/plugins/woocommerce/assets/css/woocommerce-smallscreenbdeb.css]
[novotechafrica.com/cdn-cgi/challenge-platform/h/g/scripts/alpha/invisible5615.js]
[novotechafrica.com/wp-content/plugins/woocommerce/assets/fonts/star.eot]
[novotechafrica.com/wp-content/plugins/woocommerce/assets/fonts/stard41d.eot]
[novotechafrica.com/wp-content/plugins/woocommerce/assets/fonts/star.woff]
[novotechafrica.com/wp-content/plugins/woocommerce/assets/fonts/star.ttf]
[novotechafrica.com/wp-content/plugins/woocommerce/assets/fonts/star.svg]
[novotechafrica.com/wp-content/plugins/woocommerce/assets/fonts/WooCommerce.eot]
[novotechafrica.com/wp-content/plugins/woocommerce/assets/fonts/WooCommerced41d.eot]
[novotechafrica.com/wp-content/plugins/woocommerce/assets/fonts/WooCommerce.woff]
[novotechafrica.com/wp-content/plugins/woocommerce/assets/fonts/WooCommerce.ttf]
[novotechafrica.com/wp-content/plugins/woocommerce/assets/fonts/WooCommerce.svg]
[novotechafrica.com/wp-content/plugins/woocommerce/assets/images/icons/loader.svg]
[novotechafrica.com/wp-content/plugins/woocommerce/assets/images/icons/credit-cards/visa.svg]
[novotechafrica.com/wp-content/plugins/woocommerce/assets/images/icons/credit-cards/mastercard.svg]
[novotechafrica.com/wp-content/plugins/woocommerce/assets/images/icons/credit-cards/laser.svg]
[novotechafrica.com/wp-content/plugins/woocommerce/assets/images/icons/credit-cards/diners.svg]
[novotechafrica.com/wp-content/plugins/woocommerce/assets/images/icons/credit-cards/maestro.svg]
[novotechafrica.com/wp-content/plugins/woocommerce/assets/images/icons/credit-cards/jcb.svg]
[novotechafrica.com/wp-content/plugins/woocommerce/assets/images/icons/credit-cards/amex.svg]
[novotechafrica.com/wp-content/plugins/woocommerce/assets/images/icons/credit-cards/discover.svg]
[novotechafrica.com/wp-content/plugins/woocommerce/assets/css/woocommercebdeb.css]
[novotechafrica.com/wp-content/themes/shadepro/assets/fonts/CircularStd-Medium.eot]
[novotechafrica.com/wp-content/themes/shadepro/assets/fonts/CircularStd-Mediumd41d.eot]
[novotechafrica.com/wp-content/themes/shadepro/assets/fonts/CircularStd-Medium.woff2]
[novotechafrica.com/wp-content/themes/shadepro/assets/fonts/CircularStd-Medium.woff]
[novotechafrica.com/wp-content/themes/shadepro/assets/fonts/CircularStd-Medium.ttf]
[novotechafrica.com/wp-content/themes/shadepro/assets/fonts/CircularStd-Book.eot]
[novotechafrica.com/wp-content/themes/shadepro/assets/fonts/CircularStd-Bookd41d.eot]
[novotechafrica.com/wp-content/themes/shadepro/assets/fonts/CircularStd-Book.woff2]
[novotechafrica.com/wp-content/themes/shadepro/assets/fonts/CircularStd-Book.woff]
[novotechafrica.com/wp-content/themes/shadepro/assets/fonts/CircularStd-Book.ttf]
[novotechafrica.com/wp-content/themes/shadepro/assets/fonts/CircularStd-BookItalic.eot]
[novotechafrica.com/wp-content/themes/shadepro/assets/fonts/CircularStd-BookItalicd41d.eot]
[novotechafrica.com/wp-content/themes/shadepro/assets/fonts/CircularStd-BookItalic.woff2]
[novotechafrica.com/wp-content/themes/shadepro/assets/fonts/CircularStd-BookItalic.woff]
[novotechafrica.com/wp-content/themes/shadepro/assets/fonts/CircularStd-BookItalic.ttf]
[novotechafrica.com/wp-content/themes/shadepro/assets/fonts/CircularStd-BoldItalic.eot]
[novotechafrica.com/wp-content/themes/shadepro/assets/fonts/CircularStd-BoldItalicd41d.eot]
[novotechafrica.com/wp-content/themes/shadepro/assets/fonts/CircularStd-BoldItalic.woff2]
[novotechafrica.com/wp-content/themes/shadepro/assets/fonts/CircularStd-BoldItalic.woff]
[novotechafrica.com/wp-content/themes/shadepro/assets/fonts/CircularStd-BoldItalic.ttf]
[novotechafrica.com/wp-content/themes/shadepro/assets/fonts/CircularStd-Bold.eot]
[novotechafrica.com/wp-content/themes/shadepro/assets/fonts/CircularStd-Boldd41d.eot]
[novotechafrica.com/wp-content/themes/shadepro/assets/fonts/CircularStd-Bold.woff2]
[novotechafrica.com/wp-content/themes/shadepro/assets/fonts/CircularStd-Bold.woff]
[novotechafrica.com/wp-content/themes/shadepro/assets/css/font-circular-std.css]
[novotechafrica.com/wp-content/themes/shadepro/assets/fonts/CircularStd-Bold.ttf]
[novotechafrica.com/wp-content/themes/shadepro/assets/fonts/fa-brands-400.eot]
[novotechafrica.com/wp-content/themes/shadepro/assets/css/..fontswebfonts/fa-brands-400d41d.eot]
[novotechafrica.com/wp-content/themes/shadepro/assets/fonts/fa-brands-400.woff2]
[novotechafrica.com/wp-content/themes/shadepro/assets/fonts/fa-brands-400.woff]
[novotechafrica.com/wp-content/themes/shadepro/assets/fonts/fa-brands-400.ttf]
[novotechafrica.com/wp-content/themes/shadepro/assets/css/..fontswebfonts/fa-brands-400.svg]
[novotechafrica.com/wp-content/themes/shadepro/assets/fonts/fa-regular-400.eot]
[novotechafrica.com/wp-content/themes/shadepro/assets/fonts/fa-regular-400d41d.eot]
[novotechafrica.com/wp-content/themes/shadepro/assets/fonts/fa-regular-400.woff2]
[novotechafrica.com/wp-content/themes/shadepro/assets/fonts/fa-regular-400.woff]
[novotechafrica.com/wp-content/themes/shadepro/assets/fonts/fa-regular-400.ttf]
[novotechafrica.com/wp-content/themes/shadepro/assets/fonts/fa-regular-400.svg]
[novotechafrica.com/wp-content/themes/shadepro/assets/fonts/fa-solid-900.eot]
[novotechafrica.com/wp-content/themes/shadepro/assets/fonts/fa-solid-900d41d.eot]
[novotechafrica.com/wp-content/themes/shadepro/assets/fonts/fa-solid-900.woff2]
[novotechafrica.com/wp-content/themes/shadepro/assets/fonts/fa-solid-900.woff]
[novotechafrica.com/wp-content/themes/shadepro/assets/fonts/fa-solid-900.ttf]
[novotechafrica.com/wp-content/themes/shadepro/assets/css/all.min1849.css]
[novotechafrica.com/wp-content/themes/shadepro/assets/css/bootstrap.minf9b8.css]
[novotechafrica.com/wp-content/themes/shadepro/assets/css/nice-select.min9875.css]
[novotechafrica.com/wp-content/themes/shadepro/assets/css/meanmenu.min.css]
[novotechafrica.com/wp-content/plugins/woocommerce/assets/css/select2bdeb.css]
[novotechafrica.com/wp-content/themes/shadepro/assets/css/corec169.css]
[novotechafrica.com/wp-content/themes/shadepro/assets/css/gutenbergc169.css]
[novotechafrica.com/wp-content/themes/shadepro/assets/css/shadepro-stylec169.css]
[novotechafrica.com/wp-content/themes/shadepro/stylec169.css]
[novotechafrica.com/wp-content/themes/shadepro/assets/css/shadepro-responsivec169.css]
[novotechafrica.com/wp-content/themes/shadepro/assets/css/theme_options_style6a4d.css]
[novotechafrica.com/wp-content/themes/shadepro/assets/fonts/fa-solid-900.svg]
[novotechafrica.com/wp-content/plugins/elementor/assets/lib/eicons/fonts/eicons5519.eot]
[novotechafrica.com/wp-content/plugins/elementor/assets/lib/eicons/fonts/eicons5519.woff2]
[novotechafrica.com/wp-content/plugins/elementor/assets/lib/eicons/fonts/eicons5519.woff]
[novotechafrica.com/wp-content/plugins/elementor/assets/lib/eicons/fonts/eicons5519.ttf]
[novotechafrica.com/wp-content/plugins/elementor/assets/lib/eicons/css/elementor-icons.min7816.css]
[novotechafrica.com/wp-content/plugins/elementor/assets/css/frontend.minaf6c.css]
[novotechafrica.com/wp-content/uploads/elementor/css/post-156e82.css]
[novotechafrica.com/wp-content/plugins/shadepro-helper/assets/css/animate6a4d.css]
[novotechafrica.com/wp-content/plugins/elementor/assets/lib/eicons/fonts/eicons5519.svg]
[novotechafrica.com/wp-content/plugins/shadepro-helper/assets/css/owl.video.play.png]
[novotechafrica.com/wp-content/plugins/shadepro-helper/assets/css/owl.carousel.min6a4d.css]
[novotechafrica.com/wp-content/plugins/shadepro-helper/assets/css/addonsbda2.css]
[finestdevs.com/demos/wp/shadepro/wp-content/uploads/2020/08/hero1-pattern.c6.delayed]
[finestdevs.com/demos/wp/shadepro/wp-content/uploads/2020/08/Group_161.png]
[novotechafrica.com/wp-content/uploads/elementor/css/post-734b4.css]
[novotechafrica.com/wp-content/themes/shadepro/assets/css/shade-woocommerce6a4d.css]
[novotechafrica.com/wp-content/plugins/elementor/assets/lib/font-awesome/css/fontawesome.min52d5.css]
[novotechafrica.com/wp-content/plugins/elementor/assets/lib/font-awesome/webfonts/fa-solid-900.eot]
[novotechafrica.com/wp-content/plugins/elementor/assets/lib/font-awesome/webfonts/fa-solid-900d41d.eot]
[novotechafrica.com/wp-content/plugins/elementor/assets/lib/font-awesome/webfonts/fa-solid-900.woff2]
[novotechafrica.com/wp-content/plugins/elementor/assets/lib/font-awesome/webfonts/fa-solid-900.woff]
[novotechafrica.com/wp-content/plugins/elementor/assets/lib/font-awesome/webfonts/fa-solid-900.ttf]
[novotechafrica.com/wp-content/plugins/elementor/assets/lib/font-awesome/css/solid.min52d5.css]
[novotechafrica.com/wp-content/plugins/elementor/assets/lib/font-awesome/webfonts/fa-solid-900.svg]
[novotechafrica.com/wp-content/plugins/elementor/assets/lib/font-awesome/webfonts/fa-brands-400.eot]
[novotechafrica.com/wp-content/plugins/elementor/assets/lib/font-awesome/webfonts/fa-brands-400d41d.eot]
[novotechafrica.com/wp-content/plugins/elementor/assets/lib/font-awesome/webfonts/fa-brands-400.woff2]
[novotechafrica.com/wp-content/plugins/elementor/assets/lib/font-awesome/webfonts/fa-brands-400.woff]
[novotechafrica.com/wp-content/plugins/elementor/assets/lib/font-awesome/webfonts/fa-brands-400.ttf]
[novotechafrica.com/wp-content/plugins/elementor/assets/lib/font-awesome/css/brands.min52d5.css]
[novotechafrica.com/wp-content/plugins/elementor/assets/lib/font-awesome/webfonts/fa-brands-400.svg]
[novotechafrica.com/wp-content/plugins/shadepro-helper/assets/css/addons7d51.css]
[novotechafrica.com/wp-content/uploads/elementor/css/post-12112d680.css]
[novotechafrica.com/wp-json/oembed/1.0/embed3a5d.json]
[novotechafrica.com/wp-json/oembed/1.0/embedf110]
[test.novotechafrica.com/wp-content/uploads/2020/12/mr-dare-osikoya.d8.delayed]
[test.novotechafrica.com/wp-content/uploads/2020/12/chidalu_ekeh.jpeg]
[novotechafrica.com/service/enterprise-solutions/index.html]
[novotechafrica.com/wp-content/uploads/2020/12/codes.jpg]
[novotechafrica.com/service/software-development/index.html]
[novotechafrica.com/cdn-cgi/challenge-platform/h/b/scripts/alpha/invisible5615.js]
[novotechafrica.com/wp-content/plugins/shadepro-helper/assets/css/addons439c.css]
[novotechafrica.com/wp-content/uploads/elementor/css/post-42781d85.css]
[novotechafrica.com/wp-json/oembed/1.0/embedd3b0.json]
[novotechafrica.com/wp-json/oembed/1.0/embedae40]
[novotechafrica.com/service/product-design/contact]
[novotechafrica.com/service/product-design/index.html]
[novotechafrica.com/wp-content/plugins/shadepro-helper/assets/css/addons54e8.css]
[novotechafrica.com/wp-content/uploads/elementor/css/post-4277472b.css]
[novotechafrica.com/wp-json/oembed/1.0/embed9977.json]
[novotechafrica.com/wp-json/oembed/1.0/embedd288]
[novotechafrica.com/service/product-strategy/contact]
[novotechafrica.com/service/product-strategy/index.html]
[novotechafrica.com/wp-content/plugins/shadepro-helper/assets/css/addonsce7f.css]
[novotechafrica.com/wp-content/uploads/elementor/css/post-427502f9.css]
[novotechafrica.com/wp-json/oembed/1.0/embed59b0.json]
[novotechafrica.com/wp-json/oembed/1.0/embed6abe]
[novotechafrica.com/service/contact]
[novotechafrica.com/service/enterprise-solutions.html]
[novotechafrica.com/cdn-cgi/challenge-platform/h/g/scripts/cb/invisible9f02.js]
[novotechafrica.com/wp-content/plugins/shadepro-helper/assets/css/addons4e2d.css]
[novotechafrica.com/wp-content/uploads/elementor/css/post-1585976c3.css]
[novotechafrica.com/wp-json/oembed/1.0/embed9cdc.json]
[novotechafrica.com/wp-json/oembed/1.0/embed2d7c]
[novotechafrica.com/wp-content/uploads/2021/11/novopermit-landing.png]
[novotechafrica.com/wp-content/uploads/2021/11/novopermit-permit-page.png]
[novotechafrica.com/portfolio/novopermit/contact]
[novotechafrica.com/wp-content/uploads/2022/04/5.png]
[novotechafrica.com/portfolio/novopermit/index.html]
[novotechafrica.com/portfolio/tilden-facility-management-app/index.html]
[novotechafrica.com/wp-content/plugins/shadepro-helper/assets/css/addons96bb.css]
[novotechafrica.com/wp-content/uploads/elementor/css/post-15914f7ed.css]
[novotechafrica.com/wp-json/oembed/1.0/embedf19c.json]
[novotechafrica.com/wp-json/oembed/1.0/embedd712]
[novotechafrica.com/wp-content/uploads/2021/11/habitue-visitor-log.png]
[novotechafrica.com/wp-content/uploads/2021/11/habitue-visitor-home.png]
[novotechafrica.com/wp-content/uploads/2021/11/habitue-create-visit.png]
[novotechafrica.com/wp-content/uploads/2021/11/habitue-settings.png]
[novotechafrica.com/portfolio/habitue/contact]
[novotechafrica.com/wp-content/uploads/2021/11/novoX.png]
[novotechafrica.com/portfolio/novox/index.html]
[novotechafrica.com/portfolio/habitue/index.html]
[novotechafrica.com/wp-content/plugins/shadepro-helper/assets/css/addonscc4d.css]
[novotechafrica.com/wp-content/uploads/elementor/css/post-291ec62.css]
[novotechafrica.com/wp-json/wp/v2/pages/291.json]
[novotechafrica.com/wp-json/oembed/1.0/embedac85.json]
[novotechafrica.com/wp-json/oembed/1.0/embed9d9e]
[novotechafrica.com/wp-content/uploads/2021/11/martin-shreder-5Xwaj9gaR0g-unsplash-1-1024x576.jpg]
[novotechafrica.com/about-us/index.html]
[novotechafrica.com/wp-content/plugins/shadepro-helper/assets/css/addonsdfc3.css]
[novotechafrica.com/wp-content/uploads/elementor/css/post-33030d3.css]
[novotechafrica.com/wp-json/wp/v2/pages/330.json]
[novotechafrica.com/wp-json/oembed/1.0/embede599.json]
[novotechafrica.com/wp-json/oembed/1.0/embed5d8a]
[novotechafrica.com/wp-content/uploads/wpcf7_captcha/2507681031.png]
[novotechafrica.com/cdn-cgi/scripts/5c5dd728/cloudflare-static/email-decode.min.js]
[novotechafrica.com/contact/index.html]
[novotechafrica.com/cdn-cgi/challenge-platform/h/g/scripts/cb/invisiblea8be.js]
[novotechafrica.com/contact.html]
[novotechafrica.com/wp-content/plugins/shadepro-helper/assets/css/addons76be.css]
[novotechafrica.com/wp-content/uploads/elementor/css/post-16188d4a0.css]
[novotechafrica.com/wp-json/oembed/1.0/embed5141.json]
[novotechafrica.com/wp-json/oembed/1.0/embed95bf]
[novotechafrica.com/wp-content/uploads/2022/01/tdafrica-landing.png]
[novotechafrica.com/wp-content/uploads/2022/01/tdafrica-sale-tab.png]
[novotechafrica.com/wp-content/uploads/2022/01/tdafrfica-login.png]
[novotechafrica.com/wp-content/uploads/2022/01/tdafrica-category.png]
[novotechafrica.com/portfolio/tdafrica/contact]
[novotechafrica.com/wp-content/uploads/2021/07/novotech-tasksystems.png]
[novotechafrica.com/portfolio/task-systems/index.html]
[novotechafrica.com/portfolio/tdafrica/index.html]
[novotechafrica.com/wp-content/plugins/shadepro-helper/assets/css/addons21e5.css]
[novotechafrica.com/wp-content/uploads/elementor/css/post-1655119d8.css]
[novotechafrica.com/wp-json/oembed/1.0/embed270a.json]
[novotechafrica.com/wp-json/oembed/1.0/embed0c9b]
[novotechafrica.com/wp-content/uploads/2022/07/imha-homepage-1.jpg]
[novotechafrica.com/wp-content/uploads/2022/07/imha-bills-1.jpg]
[novotechafrica.com/wp-content/uploads/2022/07/imha-contact-1.jpg]
[novotechafrica.com/wp-content/uploads/2022/07/imha-member-2.jpg]
[novotechafrica.com/portfolio/imo-house-of-assembly/contact]
[novotechafrica.com/wp-content/uploads/2022/04/4.png]
[novotechafrica.com/portfolio/imo-house-of-assembly/index.html]
[novotechafrica.com/portfolio/it-custom-solution/index.html]
[novotechafrica.com/wp-content/plugins/shadepro-helper/assets/css/addons1ff7.css]
[novotechafrica.com/wp-content/uploads/elementor/css/post-9206dc60.css]
[novotechafrica.com/wp-json/wp/v2/pages/9206.json]
[novotechafrica.com/wp-json/oembed/1.0/embed1b43.json]
[novotechafrica.com/wp-json/oembed/1.0/embed571a]
[novotechafrica.com/wp-content/uploads/2021/07/tech_experience_center_novotech.png]
[novotechafrica.com/portfolio/tech-experience-centre/index.html]
[novotechafrica.com/wp-content/uploads/2022/07/Meddirect-img.png]
[novotechafrica.com/portfolio/index.html]
[novotechafrica.com/portfolio/meddirect-africa/index.html]
[novotechafrica.com/service/software-development.html]
[novotechafrica.com/wp-content/uploads/elementor/css/post-1507334b4.css]
[finestdevs.com/demos/wp/shadepro/wp-content/uploads/2020/09/3-layers.134.delayed]
[novotechafrica.com/wp-content/uploads/elementor/css/post-1481034b4.css]
[novotechafrica.com/wp-content/uploads/elementor/css/post-1436334b4.css]
[novotechafrica.com/wp-content/uploads/elementor/css/post-836634b4.css]
[novotechafrica.com/wp-content/uploads/elementor/css/post-834734b4.css]
[novotechafrica.com/wp-content/uploads/elementor/css/post-834834b4.css]
[novotechafrica.com/wp-content/uploads/elementor/css/post-834634b4.css]
[novotechafrica.com/wp-content/uploads/elementor/css/post-6335e737.css]
[novotechafrica.com/wp-content/uploads/elementor/css/post-6330e737.css]
[novotechafrica.com/wp-content/uploads/elementor/css/post-5898e737.css]
[novotechafrica.com/wp-content/uploads/elementor/css/post-5893e737.css]
[novotechafrica.com/wp-content/uploads/elementor/css/post-5888e737.css]
[novotechafrica.com/wp-content/uploads/elementor/css/post-5877e737.css]
[novotechafrica.com/wp-content/uploads/elementor/css/post-5868e737.css]
[novotechafrica.com/wp-content/uploads/elementor/css/post-5863e737.css]
[novotechafrica.com/wp-content/uploads/elementor/css/post-5858e737.css]
[novotechafrica.com/wp-content/uploads/elementor/css/post-5848e737.css]
[novotechafrica.com/wp-content/uploads/elementor/css/post-5838e737.css]
[finestdevs.com/demos/wp/shadepro/wp-content/uploads/2021/05/Footer-bg.png]
[novotechafrica.com/wp-content/uploads/elementor/css/post-1508949da.css]
[novotechafrica.com/wp-content/uploads/elementor/css/post-1482049da.css]
[novotechafrica.com/wp-content/uploads/elementor/css/post-839349da.css]
[novotechafrica.com/wp-content/uploads/elementor/css/post-83886ef5.css]
[novotechafrica.com/wp-content/uploads/elementor/css/post-83746ef5.css]
[novotechafrica.com/wp-content/uploads/elementor/css/post-83726ef5.css]
[novotechafrica.com/wp-content/uploads/elementor/css/post-59346ef5.css]
[finestdevs.com/demos/wp/shadepro/wp-content/uploads/2020/10/roduct-landing-bottom-bg.png]
[novotechafrica.com/wp-content/uploads/elementor/css/post-59226ef5.css]
[novotechafrica.com/wp-content/uploads/elementor/css/post-5913b18f.css]
[novotechafrica.com/wp-content/uploads/elementor/css/post-5908b18f.css]
[novotechafrica.com/wp-content/uploads/elementor/css/post-5903b18f.css]
[novotechafrica.com/wp-content/plugins/elementor/assets/lib/animations/animations.minaf6c.css]
[novotechafrica.com/wp-content/plugins/woocommerce/assets/fonts/star.svg]
[novotechafrica.com/wp-content/plugins/woocommerce/assets/fonts/WooCommerce.svg]
[novotechafrica.com/wp-content/plugins/woocommerce/assets/images/icons/loader.svg]
[novotechafrica.com/wp-content/plugins/woocommerce/assets/images/icons/credit-cards/visa.svg]
[novotechafrica.com/wp-content/plugins/woocommerce/assets/images/icons/credit-cards/mastercard.svg]
[novotechafrica.com/wp-content/plugins/woocommerce/assets/images/icons/credit-cards/laser.svg]
[novotechafrica.com/wp-content/plugins/woocommerce/assets/images/icons/credit-cards/diners.svg]
[novotechafrica.com/wp-content/plugins/woocommerce/assets/images/icons/credit-cards/maestro.svg]
[novotechafrica.com/wp-content/plugins/woocommerce/assets/images/icons/credit-cards/jcb.svg]
[novotechafrica.com/wp-content/plugins/woocommerce/assets/images/icons/credit-cards/amex.svg]
[novotechafrica.com/wp-content/plugins/woocommerce/assets/images/icons/credit-cards/discover.svg]
[novotechafrica.com/wp-content/themes/shadepro/assets/css/..fontswebfonts/fa-brands-400d41d.html]
[novotechafrica.com/wp-content/themes/shadepro/assets/css/..fontswebfonts/fa-brands-400.html]
[novotechafrica.com/wp-content/themes/shadepro/assets/fonts/fa-regular-400.svg]
[novotechafrica.com/wp-content/themes/shadepro/assets/fonts/fa-solid-900.svg]
[novotechafrica.com/wp-content/plugins/elementor/assets/lib/eicons/fonts/eicons5519.svg]
[novotechafrica.com/wp-content/plugins/shadepro-helper/assets/css/owl.video.play.html]
[finestdevs.com/demos/wp/shadepro/wp-content/uploads/2020/08/hero1-pattern.html]
[finestdevs.com/demos/wp/shadepro/wp-content/uploads/2020/08/Group_161.html]
[novotechafrica.com/wp-content/plugins/elementor/assets/lib/font-awesome/webfonts/fa-solid-900.svg]
[novotechafrica.com/wp-content/plugins/elementor/assets/lib/font-awesome/webfonts/fa-brands-400.svg]
[novotechafrica.com/wp-content/plugins/shadepro-helper/assets/css/addons7d51.css]
[novotechafrica.com/wp-content/uploads/elementor/css/post-12112d680.css]
[novotechafrica.com/index89f5.html]
[novotechafrica.com/service/enterprise-solutions/contact.137.delayed]
[novotechafrica.com/service/enterprise-solutions/index.html]
[test.novotechafrica.com/wp-content/uploads/2020/12/mr-dare-osikoya.html]
[test.novotechafrica.com/wp-content/uploads/2020/12/chidalu_ekeh.html]
[novotechafrica.com/wp-content/plugins/shadepro-helper/assets/css/addons439c.css]
[novotechafrica.com/wp-content/uploads/elementor/css/post-42781d85.css]
[novotechafrica.com/indexacdf.html]
[novotechafrica.com/service/product-design/contact.html]
[novotechafrica.com/wp-content/plugins/shadepro-helper/assets/css/addons54e8.css]
[novotechafrica.com/wp-content/uploads/elementor/css/post-4277472b.css]
[novotechafrica.com/index4f8d.html]
[novotechafrica.com/service/product-strategy/contact.html]
[novotechafrica.com/wp-content/plugins/shadepro-helper/assets/css/addonsce7f.css]
[novotechafrica.com/wp-content/uploads/elementor/css/post-427502f9.css]
[novotechafrica.com/index34aa.html]
[novotechafrica.com/service/contact.html]
[novotechafrica.com/wp-content/plugins/shadepro-helper/assets/css/addons4e2d.css]
[novotechafrica.com/wp-content/uploads/elementor/css/post-1585976c3.css]
[novotechafrica.com/index696c.html]
[novotechafrica.com/portfolio/novopermit/contact.html]
[novotechafrica.com/wp-content/plugins/shadepro-helper/assets/css/addons2bcc.css]
[novotechafrica.com/wp-content/uploads/elementor/css/post-164840a1e.css]
[novotechafrica.com/wp-json/oembed/1.0/embed489d.json]
[novotechafrica.com/wp-json/oembed/1.0/embed2554]
[novotechafrica.com/portfolio/tilden-facility-management-app/contact]
[novotechafrica.com/portfolio/tilden-facility-management-app/index.html]
[novotechafrica.com/wp-content/plugins/shadepro-helper/assets/css/addons96bb.css]
[novotechafrica.com/wp-content/uploads/elementor/css/post-15914f7ed.css]
[novotechafrica.com/index0819.html]
[novotechafrica.com/portfolio/habitue/contact.html]
[novotechafrica.com/wp-content/plugins/shadepro-helper/assets/css/addons496e.css]
[novotechafrica.com/wp-content/uploads/elementor/css/post-106546d6e.css]
[novotechafrica.com/wp-json/oembed/1.0/embed2836.json]
[novotechafrica.com/wp-json/oembed/1.0/embed0215]
[novotechafrica.com/portfolio/novox/contact]
[novotechafrica.com/portfolio/novox/index.html]
[novotechafrica.com/wp-content/plugins/shadepro-helper/assets/css/addonscc4d.css]
[novotechafrica.com/wp-content/uploads/elementor/css/post-291ec62.css]
[novotechafrica.com/index820e.html]
[novotechafrica.com/wp-content/plugins/shadepro-helper/assets/css/addonsdfc3.css]
[novotechafrica.com/wp-content/uploads/elementor/css/post-33030d3.css]
[novotechafrica.com/index1639.html]
[novotechafrica.com/wp-content/plugins/shadepro-helper/assets/css/addons76be.css]
[novotechafrica.com/wp-content/uploads/elementor/css/post-16188d4a0.css]
[novotechafrica.com/indexb5df.html]
[novotechafrica.com/portfolio/tdafrica/contact.html]
[novotechafrica.com/cdn-cgi/challenge-platform/h/b/scripts/cb/invisibleb0a2.js]
[novotechafrica.com/wp-content/plugins/shadepro-helper/assets/css/addons3de5.css]
[novotechafrica.com/wp-content/uploads/elementor/css/post-164937443.css]
[novotechafrica.com/wp-json/oembed/1.0/embedba78.json]
[novotechafrica.com/wp-json/oembed/1.0/embed8651]
[novotechafrica.com/wp-content/uploads/2022/04/task-snapshot-scaled.jpg]
[novotechafrica.com/wp-content/uploads/2022/04/snaps-task-scaled.jpg]
[novotechafrica.com/portfolio/task-systems/contact]
[novotechafrica.com/portfolio/task-systems/index.html]
[novotechafrica.com/wp-content/plugins/shadepro-helper/assets/css/addons21e5.css]
[novotechafrica.com/wp-content/uploads/elementor/css/post-1655119d8.css]
[novotechafrica.com/index7343.html]
[novotechafrica.com/portfolio/imo-house-of-assembly/contact.html]
[novotechafrica.com/wp-content/plugins/shadepro-helper/assets/css/addonseca7.css]
[novotechafrica.com/wp-content/uploads/elementor/css/post-16460bb8c.css]
[novotechafrica.com/wp-json/oembed/1.0/embed46a5.json]
[novotechafrica.com/wp-json/oembed/1.0/embede62e]
[novotechafrica.com/wp-content/uploads/2022/04/snap-1-scaled.jpg]
[novotechafrica.com/wp-content/uploads/2022/04/snapzz-scaled.jpg]
[novotechafrica.com/portfolio/it-custom-solution/contact]
[novotechafrica.com/portfolio/it-custom-solution/index.html]
[novotechafrica.com/wp-content/plugins/shadepro-helper/assets/css/addons1ff7.css]
[novotechafrica.com/wp-content/uploads/elementor/css/post-9206dc60.css]
[novotechafrica.com/indexe436.html]
[novotechafrica.com/wp-content/plugins/shadepro-helper/assets/css/addons9c75.css]
[novotechafrica.com/wp-content/uploads/elementor/css/post-1619817ee.css]
[novotechafrica.com/wp-json/oembed/1.0/embedfd35.json]
[novotechafrica.com/wp-json/oembed/1.0/embed75cf]
[novotechafrica.com/wp-content/uploads/2022/01/tec-centre-about.png]
[novotechafrica.com/wp-content/uploads/2022/01/tec-book-tour.png]
[novotechafrica.com/wp-content/uploads/2022/01/tec-vision.png]
[novotechafrica.com/wp-content/uploads/2022/01/tec-center-category.png]
[novotechafrica.com/portfolio/tech-experience-centre/contact.15e.delayed]
[novotechafrica.com/portfolio/tech-experience-centre/index.html]
[novotechafrica.com/wp-content/plugins/shadepro-helper/assets/css/addons5265.css]
[novotechafrica.com/wp-content/uploads/elementor/css/post-16535736b.css]
[novotechafrica.com/wp-json/oembed/1.0/embedb649.json]
[novotechafrica.com/wp-json/oembed/1.0/embed8edb]
[novotechafrica.com/wp-content/uploads/2022/07/med-home-1.jpg]
[novotechafrica.com/wp-content/uploads/2022/07/med-shop-1.jpg]
[novotechafrica.com/wp-content/uploads/2022/07/med-consult-1.jpg]
[novotechafrica.com/wp-content/uploads/2022/07/Screen-Shot-2022-08-02-at-11.19.32.png]
[novotechafrica.com/portfolio/meddirect-africa/contact]
[novotechafrica.com/portfolio/meddirect-africa/index.html]
[finestdevs.com/demos/wp/shadepro/wp-content/uploads/2020/09/3-layers.html]
[finestdevs.com/demos/wp/shadepro/wp-content/uploads/2021/05/Footer-bg.html]
[finestdevs.com/demos/wp/shadepro/wp-content/uploads/2020/10/roduct-landing-bottom-bg.html]
[novotechafrica.com/service/enterprise-solutions/contact.html]
[novotechafrica.com/wp-content/plugins/shadepro-helper/assets/css/addons2bcc.css]
[novotechafrica.com/wp-content/uploads/elementor/css/post-164840a1e.css]
[novotechafrica.com/index0c7d.html]
[novotechafrica.com/portfolio/tilden-facility-management-app/contact.html]
[novotechafrica.com/wp-content/plugins/shadepro-helper/assets/css/addons496e.css]
[novotechafrica.com/wp-content/uploads/elementor/css/post-106546d6e.css]
[novotechafrica.com/index547b.html]
[novotechafrica.com/portfolio/novox/contact.html]
[novotechafrica.com/wp-content/plugins/shadepro-helper/assets/css/addons3de5.css]
[novotechafrica.com/wp-content/uploads/elementor/css/post-164937443.css]
[novotechafrica.com/indexcf2a.html]
[novotechafrica.com/portfolio/task-systems/contact.html]
[novotechafrica.com/wp-content/plugins/shadepro-helper/assets/css/addonseca7.css]
[novotechafrica.com/wp-content/uploads/elementor/css/post-16460bb8c.css]
[novotechafrica.com/index4b13.html]
[novotechafrica.com/portfolio/it-custom-solution/contact.html]
[novotechafrica.com/wp-content/plugins/shadepro-helper/assets/css/addons9c75.css]
[novotechafrica.com/wp-content/uploads/elementor/css/post-1619817ee.css]
[novotechafrica.com/indexb994.html]
[novotechafrica.com/portfolio/tech-experience-centre/contact.html]
[novotechafrica.com/wp-content/plugins/shadepro-helper/assets/css/addons5265.css]
[novotechafrica.com/wp-content/uploads/elementor/css/post-16535736b.css]
[novotechafrica.com/index3a98.html]
[novotechafrica.com/portfolio/meddirect-africa/contact.html]
